../Core/Src/main.c:119:6:PWM_Configuration	56	static
../Core/Src/main.c:159:6:SetDutyCycle	16	static
../Core/Src/main.c:176:6:write_matrix	32	static
../Core/Src/main.c:222:6:shield_reset	8	static
../Core/Src/main.c:229:6:use_matrix	16	static
../Core/Src/main.c:282:5:main	8	static
../Core/Src/main.c:356:6:SystemClock_Config	88	static
../Core/Src/main.c:404:13:MX_TIM9_Init	56	static
../Core/Src/main.c:458:13:MX_USART1_UART_Init	8	static
../Core/Src/main.c:491:13:MX_GPIO_Init	40	static
../Core/Src/main.c:534:6:Error_Handler	4	static,ignoring_inline_asm
